2026-07-30 04:16:52.064967: I tensorflow/core/util/port.cc:113] oneDNN custom operations are on. You may see slightly different numerical results due to floating-point round-off errors from different computation orders. To turn them off, set the environment variable `TF_ENABLE_ONEDNN_OPTS=0`.
2026-07-30 04:16:52.108947: E external/local_xla/xla/stream_executor/cuda/cuda_dnn.cc:9261] Unable to register cuDNN factory: Attempting to register factory for plugin cuDNN when one has already been registered
2026-07-30 04:16:52.109060: E external/local_xla/xla/stream_executor/cuda/cuda_fft.cc:607] Unable to register cuFFT factory: Attempting to register factory for plugin cuFFT when one has already been registered
2026-07-30 04:16:52.110331: E external/local_xla/xla/stream_executor/cuda/cuda_blas.cc:1515] Unable to register cuBLAS factory: Attempting to register factory for plugin cuBLAS when one has already been registered
2026-07-30 04:16:52.117357: I tensorflow/core/platform/cpu_feature_guard.cc:182] This TensorFlow binary is optimized to use available CPU instructions in performance-critical operations.
To enable the following instructions: AVX2 AVX512F AVX512_VNNI FMA, in other operations, rebuild TensorFlow with the appropriate compiler flags.
2026-07-30 04:16:53.124736: W tensorflow/compiler/tf2tensorrt/utils/py_utils.cc:38] TF-TRT Warning: Could not find TensorRT
/usr/local/miniconda3/envs/py310/lib/python3.10/site-packages/transformers/tokenization_utils_base.py:1601: FutureWarning: `clean_up_tokenization_spaces` was not set. It will be set to `True` by default. This behavior will be depracted in transformers v4.45, and will be then set to `False` by default. For more details check this issue: https://github.com/huggingface/transformers/issues/31884
  warnings.warn(
💾 Output directory: exchange/idea7_mvp
📚 Loading dataset: nq_open (validation)
   Loaded 10 samples
🔤 Loading encoder: sentence
🗂️  Setting up corpus (mode=aligned)
   Building corpus for 10 questions...
   Corpus ready: 36000 passages
⚙️  Preparing training data...
Preparing:   0%|          | 0/10 [00:00<?, ?it/s]Preparing:  10%|█         | 1/10 [00:00<00:03,  2.29it/s]Preparing:  50%|█████     | 5/10 [00:00<00:00, 10.96it/s]Preparing:  90%|█████████ | 9/10 [00:00<00:00, 18.18it/s]Preparing: 100%|██████████| 10/10 [00:00<00:00, 14.72it/s]
   ✅ 0/10 samples valid (gold in top-50)
❌ No valid training samples! Check retrieval setup.
